---
source: crates/tinymist-query/src/goto_definition.rs
expression: "JsonRepr::new_redacted(result, &REDACT_LOC)"
input_file: crates/tinymist-query/src/fixtures/goto_definition/nested_module_field_import.typ
---
[
 {
  "originSelectionRange": "2:23:2:30",
  "targetRange": "0:5:0:12",
  "targetSelectionRange": "0:5:0:12",
  "targetUri": "nested-import-leaf.typ"
 }
]
